17:36:32 **** Auto Build of configuration Debug for project Doodlemon ****
make pre-build main-build 
a9-linaro-pre-build-step
' '
'Building file: ../src/video_capture/video_capture.c'
'Invoking: ARM v7 gcc compiler'
arm-none-eabi-gcc -Wall -O0 -g3 -c -fmessage-length=0 -MT"src/video_capture/video_capture.o" -mcpu=cortex-a9 -mfpu=vfpv3 -mfloat-abi=hard -I../../Doodlemon_bsp/ps7_cortexa9_0/include -MMD -MP -MF"src/video_capture/video_capture.d" -MT"src/video_capture/video_capture.o" -o "src/video_capture/video_capture.o" "../src/video_capture/video_capture.c"
'Finished building: ../src/video_capture/video_capture.c'
' '
'Building file: ../src/timer_ps/timer_ps.c'
'Invoking: ARM v7 gcc compiler'
arm-none-eabi-gcc -Wall -O0 -g3 -c -fmessage-length=0 -MT"src/timer_ps/timer_ps.o" -mcpu=cortex-a9 -mfpu=vfpv3 -mfloat-abi=hard -I../../Doodlemon_bsp/ps7_cortexa9_0/include -MMD -MP -MF"src/timer_ps/timer_ps.d" -MT"src/timer_ps/timer_ps.o" -o "src/timer_ps/timer_ps.o" "../src/timer_ps/timer_ps.c"
'Finished building: ../src/timer_ps/timer_ps.c'
' '
'Building file: ../src/intc/intc.c'
'Invoking: ARM v7 gcc compiler'
arm-none-eabi-gcc -Wall -O0 -g3 -c -fmessage-length=0 -MT"src/intc/intc.o" -mcpu=cortex-a9 -mfpu=vfpv3 -mfloat-abi=hard -I../../Doodlemon_bsp/ps7_cortexa9_0/include -MMD -MP -MF"src/intc/intc.d" -MT"src/intc/intc.o" -o "src/intc/intc.o" "../src/intc/intc.c"
'Finished building: ../src/intc/intc.c'
' '
'Building file: ../src/dynclk/dynclk.c'
'Invoking: ARM v7 gcc compiler'
arm-none-eabi-gcc -Wall -O0 -g3 -c -fmessage-length=0 -MT"src/dynclk/dynclk.o" -mcpu=cortex-a9 -mfpu=vfpv3 -mfloat-abi=hard -I../../Doodlemon_bsp/ps7_cortexa9_0/include -MMD -MP -MF"src/dynclk/dynclk.d" -MT"src/dynclk/dynclk.o" -o "src/dynclk/dynclk.o" "../src/dynclk/dynclk.c"
'Finished building: ../src/dynclk/dynclk.c'
' '
'Building file: ../src/display_ctrl/display_ctrl.c'
'Invoking: ARM v7 gcc compiler'
arm-none-eabi-gcc -Wall -O0 -g3 -c -fmessage-length=0 -MT"src/display_ctrl/display_ctrl.o" -mcpu=cortex-a9 -mfpu=vfpv3 -mfloat-abi=hard -I../../Doodlemon_bsp/ps7_cortexa9_0/include -MMD -MP -MF"src/display_ctrl/display_ctrl.d" -MT"src/display_ctrl/display_ctrl.o" -o "src/display_ctrl/display_ctrl.o" "../src/display_ctrl/display_ctrl.c"
'Finished building: ../src/display_ctrl/display_ctrl.c'
' '
'Building file: ../src/SDcard/platform.c'
'Invoking: ARM v7 gcc compiler'
arm-none-eabi-gcc -Wall -O0 -g3 -c -fmessage-length=0 -MT"src/SDcard/platform.o" -mcpu=cortex-a9 -mfpu=vfpv3 -mfloat-abi=hard -I../../Doodlemon_bsp/ps7_cortexa9_0/include -MMD -MP -MF"src/SDcard/platform.d" -MT"src/SDcard/platform.o" -o "src/SDcard/platform.o" "../src/SDcard/platform.c"
'Finished building: ../src/SDcard/platform.c'
' '
'Building file: ../src/helloworld.c'
'Invoking: ARM v7 gcc compiler'
arm-none-eabi-gcc -Wall -O0 -g3 -c -fmessage-length=0 -MT"src/helloworld.o" -mcpu=cortex-a9 -mfpu=vfpv3 -mfloat-abi=hard -I../../Doodlemon_bsp/ps7_cortexa9_0/include -MMD -MP -MF"src/helloworld.d" -MT"src/helloworld.o" -o "src/helloworld.o" "../src/helloworld.c"
../src/helloworld.c:20:1: warning: "/*" within comment [-Wcomment]
 /************ SD card parameters ************
  
../src/helloworld.c:29:1: warning: "/*" within comment [-Wcomment]
 /************ SD card parameters ************
  
'Finished building: ../src/helloworld.c'
' '
'Building file: ../src/video_demo.c'
'Invoking: ARM v7 gcc compiler'
arm-none-eabi-gcc -Wall -O0 -g3 -c -fmessage-length=0 -MT"src/video_demo.o" -mcpu=cortex-a9 -mfpu=vfpv3 -mfloat-abi=hard -I../../Doodlemon_bsp/ps7_cortexa9_0/include -MMD -MP -MF"src/video_demo.d" -MT"src/video_demo.o" -o "src/video_demo.o" "../src/video_demo.c"
In file included from ../src/video_demo.c:46:0:
../../Doodlemon_bsp/ps7_cortexa9_0/include/xtime_l.h:87:9: note: #pragma message: For the sleep routines, Global timer is being used
 #pragma message ("For the sleep routines, Global timer is being used")
         ^~~~~~~
In file included from ../src/video_demo.c:51:0:
../src/score.h: In function 'resetScore':
../src/score.h:99:3: warning: implicit declaration of function 'SDWrite'; did you mean 'fwrite'? [-Wimplicit-function-declaration]
   SDWrite(highscoreCounter, 4);
   ^~~~~~~
   fwrite
../src/video_demo.c: In function 'main':
../src/video_demo.c:141:23: warning: multi-character character constant [-Wmultichar]
 char highscoress[] = {'32'};
                       ^~~~
../src/video_demo.c:141:23: warning: large integer implicitly truncated to unsigned type [-Woverflow]
../src/video_demo.c:141:6: warning: unused variable 'highscoress' [-Wunused-variable]
 char highscoress[] = {'32'};
      ^~~~~~~~~~~
../src/video_demo.c: At top level:
../src/video_demo.c:172:6: warning: conflicting types for 'SDWrite'
 void SDWrite(char *array, uint length) {
      ^~~~~~~
In file included from ../src/video_demo.c:51:0:
../src/score.h:99:3: note: previous implicit declaration of 'SDWrite' was here
   SDWrite(highscoreCounter, 4);
   ^~~~~~~
../src/video_demo.c: In function 'SDWrite':
../src/video_demo.c:174:4: warning: statement with no effect [-Wunused-value]
    (char*)array;
    ^
'Finished building: ../src/video_demo.c'
' '
'Building target: Doodlemon.elf'
'Invoking: ARM v7 gcc linker'
arm-none-eabi-gcc -mcpu=cortex-a9 -mfpu=vfpv3 -mfloat-abi=hard -Wl,-build-id=none -specs=Xilinx.spec -Wl,-T -Wl,../src/lscript.ld -L../../Doodlemon_bsp/ps7_cortexa9_0/lib -o "Doodlemon.elf"  ./src/video_capture/video_capture.o  ./src/timer_ps/timer_ps.o  ./src/intc/intc.o  ./src/dynclk/dynclk.o  ./src/display_ctrl/display_ctrl.o  ./src/SDcard/platform.o  ./src/helloworld.o ./src/video_demo.o   -Wl,--start-group,-lxil,-lgcc,-lc,--end-group -Wl,--start-group,-lxilffs,-lxil,-lgcc,-lc,--end-group
'Finished building target: Doodlemon.elf'
' '
'Invoking: ARM v7 Print Size'
arm-none-eabi-size Doodlemon.elf  |tee "Doodlemon.elf.size"
   text	   data	    bss	    dec	    hex	filename
  95200	1466520	18691392	20253112	13509b8	Doodlemon.elf
'Finished building: Doodlemon.elf.size'
' '

17:36:44 Build Finished (took 11s.524ms)

