13:04:08 **** Auto Build of configuration Debug for project vga2 ****
make pre-build main-build 
a9-linaro-pre-build-step
' '
'Building file: ../src/video_demo.c'
'Invoking: ARM v7 gcc compiler'
arm-none-eabi-gcc -Wall -O0 -g3 -c -fmessage-length=0 -MT"src/video_demo.o" -mcpu=cortex-a9 -mfpu=vfpv3 -mfloat-abi=hard -I../../vga2_bsp/ps7_cortexa9_0/include -MMD -MP -MF"src/video_demo.d" -MT"src/video_demo.o" -o "src/video_demo.o" "../src/video_demo.c"
../src/video_demo.c: In function 'PrintScore':
../src/video_demo.c:188:5: warning: variable 'yourScore' set but not used [-Wunused-but-set-variable]
  u8 yourScore[4800];
     ^~~~~~~~~
'Finished building: ../src/video_demo.c'
' '
'Building target: vga2.elf'
'Invoking: ARM v7 gcc linker'
arm-none-eabi-gcc -mcpu=cortex-a9 -mfpu=vfpv3 -mfloat-abi=hard -Wl,-build-id=none -specs=Xilinx.spec -Wl,-T -Wl,../src/lscript.ld -L../../vga2_bsp/ps7_cortexa9_0/lib -o "vga2.elf"  ./src/video_capture/video_capture.o  ./src/timer_ps/timer_ps.o  ./src/intc/intc.o  ./src/dynclk/dynclk.o  ./src/display_ctrl/display_ctrl.o  ./src/video_demo.o   -Wl,--start-group,-lxil,-lgcc,-lc,--end-group
'Finished building target: vga2.elf'
' '
'Invoking: ARM v7 Print Size'
arm-none-eabi-size vga2.elf  |tee "vga2.elf.size"
   text	   data	    bss	    dec	    hex	filename
  69088	 181040	18688432	18938560	120fac0	vga2.elf
'Finished building: vga2.elf.size'
' '

13:04:10 Build Finished (took 2s.60ms)

